// Jest Snapshot v1, https://goo.gl/fbAQLP

exports[`My signIn component should render correctly in "debug" mode 1`] = `
<singleBook
  getBorrowedBooks={[Function]}
/>
`;
